#-----------------------------------------------------------
# Vivado v2025.2 (64-bit)
# SW Build 6299465 on Fri Nov 14 19:35:11 GMT 2025
# IP Build 6300035 on Fri Nov 14 10:48:45 MST 2025
# SharedData Build 6298862 on Thu Nov 13 04:50:51 MST 2025
# Start of session at: Tue Mar 24 11:04:17 2026
# Process ID         : 27248
# Current directory  : C:/Code/SeniorDesign/SeniorDesign/MAGLAB_PYNQ/MAGLAB_PYNQ.runs/design_1_rst_ps7_0_50M_0_synth_1
# Command line       : vivado.exe -log design_1_rst_ps7_0_50M_0.vds -product Vivado -mode batch -messageDb vivado.pb -notrace -source design_1_rst_ps7_0_50M_0.tcl
# Log file           : C:/Code/SeniorDesign/SeniorDesign/MAGLAB_PYNQ/MAGLAB_PYNQ.runs/design_1_rst_ps7_0_50M_0_synth_1/design_1_rst_ps7_0_50M_0.vds
# Journal file       : C:/Code/SeniorDesign/SeniorDesign/MAGLAB_PYNQ/MAGLAB_PYNQ.runs/design_1_rst_ps7_0_50M_0_synth_1\vivado.jou
# Running On         : LiamLaptop
# Platform           : Windows Server 2016 or Windows 10
# Operating System   : 26200
# Processor Detail   : Intel(R) Core(TM) Ultra 5 226V
# CPU Frequency      : 3110 MHz
# CPU Physical cores : 8
# CPU Logical cores  : 8
# Host memory        : 16824 MB
# Swap memory        : 6921 MB
# Total Virtual      : 23746 MB
# Available Virtual  : 3331 MB
#-----------------------------------------------------------
source design_1_rst_ps7_0_50M_0.tcl -notrace
